
  You can now view your Streamlit app in your browser.

  Local URL: http://localhost:8501
  Network URL: http://192.168.0.171:8501

  For better performance, install the Watchdog module:

  $ xcode-select --install
  $ pip install watchdog
            
Keywords:   0%|          | 0/2002 [00:00<?, ?it/s]Keywords:  18%|█▊        | 370/2002 [00:00<00:00, 3696.38it/s]Keywords:  40%|███▉      | 799/2002 [00:00<00:00, 4042.53it/s]Keywords:  60%|██████    | 1204/2002 [00:00<00:00, 4014.18it/s]Keywords:  80%|████████  | 1606/2002 [00:00<00:00, 4016.04it/s]Keywords: 100%|██████████| 2002/2002 [00:00<00:00, 3873.32it/s]
Seniority Raw:   0%|          | 0/2002 [00:00<?, ?it/s]Seniority Raw: 100%|██████████| 2002/2002 [00:00<00:00, 55446.22it/s]
2026-02-10 13:33:43.359 Please replace `use_container_width` with `width`.

`use_container_width` will be removed after 2025-12-31.

For `use_container_width=True`, use `width='stretch'`. For `use_container_width=False`, use `width='content'` or specify an integer width.
2026-02-10 13:33:43.372 Please replace `use_container_width` with `width`.

`use_container_width` will be removed after 2025-12-31.

For `use_container_width=True`, use `width='stretch'`. For `use_container_width=False`, use `width='content'` or specify an integer width.
2026-02-10 13:33:43.376 Please replace `use_container_width` with `width`.

`use_container_width` will be removed after 2025-12-31.

For `use_container_width=True`, use `width='stretch'`. For `use_container_width=False`, use `width='content'`.
2026-02-10 13:33:49.294 Please replace `use_container_width` with `width`.

`use_container_width` will be removed after 2025-12-31.

For `use_container_width=True`, use `width='stretch'`. For `use_container_width=False`, use `width='content'` or specify an integer width.
2026-02-10 13:33:49.311 Please replace `use_container_width` with `width`.

`use_container_width` will be removed after 2025-12-31.

For `use_container_width=True`, use `width='stretch'`. For `use_container_width=False`, use `width='content'` or specify an integer width.
2026-02-10 13:33:49.315 Please replace `use_container_width` with `width`.

`use_container_width` will be removed after 2025-12-31.

For `use_container_width=True`, use `width='stretch'`. For `use_container_width=False`, use `width='content'`.
/Library/Frameworks/Python.framework/Versions/3.14/lib/python3.14/multiprocessing/resource_tracker.py:297: UserWarning: resource_tracker: There appear to be 1 leaked semaphore objects to clean up at shutdown: {'/mp-bda3ktvm'}
  warnings.warn(
